// Jest Snapshot v1, https://goo.gl/fbAQLP

exports[` 1`] = `
Array [
  <Line
    className=""
    percent={20}
    prefixCls="rc-progress"
    strokeColor="#2db7f5"
    strokeLinecap="butt"
    strokeWidth={1}
    style={Object {}}
    trailColor="#D9D9D9"
    trailWidth={1}
  >
    <svg
      className="rc-progress-line"
      preserveAspectRatio="none"
      style={Object {}}
      viewBox="0 0 100 1"
    >
      <path
        className="rc-progress-line-trail"
        d="M 0,0.5
         L 100,0.5"
        fillOpacity="0"
        stroke="#D9D9D9"
        strokeLinecap="butt"
        strokeWidth={1}
      />
      <path
        className="rc-progress-line-path"
        d="M 0,0.5
         L 100,0.5"
        fillOpacity="0"
        key="0"
        stroke="#2db7f5"
        strokeLinecap="butt"
        strokeWidth={1}
        style={
          Object {
            "strokeDasharray": "20px, 100px",
            "strokeDashoffset": "-0px",
            "transition": "stroke-dashoffset 0.3s ease 0s, stroke-dasharray .3s ease 0s, stroke 0.3s linear",
          }
        }
      />
    </svg>
  </Line>,
  <br />,
  <Line
    className=""
    percent={20}
    prefixCls="rc-progress"
    strokeColor="#2db7f5"
    strokeLinecap="round"
    strokeWidth={1}
    style={Object {}}
    trailColor="#D9D9D9"
    trailWidth={1}
  >
    <svg
      className="rc-progress-line"
      preserveAspectRatio="none"
      style={Object {}}
      viewBox="0 0 100 1"
    >
      <path
        className="rc-progress-line-trail"
        d="M 0.5,0.5
         L 99.5,0.5"
        fillOpacity="0"
        stroke="#D9D9D9"
        strokeLinecap="round"
        strokeWidth={1}
      />
      <path
        className="rc-progress-line-path"
        d="M 0.5,0.5
         L 99.5,0.5"
        fillOpacity="0"
        key="0"
        stroke="#2db7f5"
        strokeLinecap="round"
        strokeWidth={1}
        style={
          Object {
            "strokeDasharray": "19.8px, 100px",
            "strokeDashoffset": "-0px",
            "transition": "stroke-dashoffset 0.3s ease 0s, stroke-dasharray .3s ease 0s, stroke 0.3s linear",
          }
        }
      />
    </svg>
  </Line>,
  <br />,
  <Line
    className=""
    percent={20}
    prefixCls="rc-progress"
    strokeColor="#2db7f5"
    strokeLinecap="square"
    strokeWidth={1}
    style={Object {}}
    trailColor="#D9D9D9"
    trailWidth={1}
  >
    <svg
      className="rc-progress-line"
      preserveAspectRatio="none"
      style={Object {}}
      viewBox="0 0 100 1"
    >
      <path
        className="rc-progress-line-trail"
        d="M 0,0.5
         L 100,0.5"
        fillOpacity="0"
        stroke="#D9D9D9"
        strokeLinecap="square"
        strokeWidth={1}
      />
      <path
        className="rc-progress-line-path"
        d="M 0,0.5
         L 100,0.5"
        fillOpacity="0"
        key="0"
        stroke="#2db7f5"
        strokeLinecap="square"
        strokeWidth={1}
        style={
          Object {
            "strokeDasharray": "19.9px, 100px",
            "strokeDashoffset": "-0px",
            "transition": "stroke-dashoffset 0.3s ease 0s, stroke-dasharray .3s ease 0s, stroke 0.3s linear",
          }
        }
      />
    </svg>
  </Line>,
]
`;

exports[`Progress Circle should show right gapPosition 1`] = `
Array [
  <Circle
    className=""
    gapDegree={70}
    gapPosition="top"
    percent={30}
    prefixCls="rc-progress"
    strokeColor="#2db7f5"
    strokeLinecap="square"
    strokeWidth="6"
    style={Object {}}
    trailColor="#D9D9D9"
    trailWidth={1}
  >
    <svg
      className="rc-progress-circle"
      style={Object {}}
      viewBox="0 0 100 100"
    >
      <path
        className="rc-progress-circle-trail"
        d="M 50,50 m 0,-47
   a 47,47 0 1 1 0,94
   a 47,47 0 1 1 0,-94"
        fillOpacity="0"
        stroke="#D9D9D9"
        strokeLinecap="square"
        strokeWidth={1}
        style={
          Object {
            "stroke": "#D9D9D9",
            "strokeDasharray": "225.30970943744057px 295.3097094374406px",
            "strokeDashoffset": "-35px",
            "transition": "stroke-dashoffset .3s ease 0s, stroke-dasharray .3s ease 0s, stroke .3s, stroke-width .06s ease .3s, opacity .3s ease 0s",
          }
        }
      />
      <path
        className="rc-progress-circle-path"
        d="M 50,50 m 0,-47
   a 47,47 0 1 1 0,94
   a 47,47 0 1 1 0,-94"
        fillOpacity="0"
        key="0"
        opacity={1}
        stroke=""
        strokeLinecap="square"
        strokeWidth="6"
        style={
          Object {
            "stroke": "#2db7f5",
            "strokeDasharray": "67.59291283123217px 295.3097094374406px",
            "strokeDashoffset": "-35px",
            "transition": "stroke-dashoffset .3s ease 0s, stroke-dasharray .3s ease 0s, stroke .3s, stroke-width .06s ease .3s, opacity .3s ease 0s",
          }
        }
      />
    </svg>
  </Circle>,
  <Circle
    className=""
    gapDegree={70}
    gapPosition="bottom"
    percent={30}
    prefixCls="rc-progress"
    strokeColor="#2db7f5"
    strokeLinecap="square"
    strokeWidth="6"
    style={Object {}}
    trailColor="#D9D9D9"
    trailWidth={1}
  >
    <svg
      className="rc-progress-circle"
      style={Object {}}
      viewBox="0 0 100 100"
    >
      <path
        className="rc-progress-circle-trail"
        d="M 50,50 m 0,47
   a 47,47 0 1 1 0,-94
   a 47,47 0 1 1 0,94"
        fillOpacity="0"
        stroke="#D9D9D9"
        strokeLinecap="square"
        strokeWidth={1}
        style={
          Object {
            "stroke": "#D9D9D9",
            "strokeDasharray": "225.30970943744057px 295.3097094374406px",
            "strokeDashoffset": "-35px",
            "transition": "stroke-dashoffset .3s ease 0s, stroke-dasharray .3s ease 0s, stroke .3s, stroke-width .06s ease .3s, opacity .3s ease 0s",
          }
        }
      />
      <path
        className="rc-progress-circle-path"
        d="M 50,50 m 0,47
   a 47,47 0 1 1 0,-94
   a 47,47 0 1 1 0,94"
        fillOpacity="0"
        key="0"
        opacity={1}
        stroke=""
        strokeLinecap="square"
        strokeWidth="6"
        style={
          Object {
            "stroke": "#2db7f5",
            "strokeDasharray": "67.59291283123217px 295.3097094374406px",
            "strokeDashoffset": "-35px",
            "transition": "stroke-dashoffset .3s ease 0s, stroke-dasharray .3s ease 0s, stroke .3s, stroke-width .06s ease .3s, opacity .3s ease 0s",
          }
        }
      />
    </svg>
  </Circle>,
  <Circle
    className=""
    gapDegree={70}
    gapPosition="left"
    percent={30}
    prefixCls="rc-progress"
    strokeColor="#2db7f5"
    strokeLinecap="square"
    strokeWidth="6"
    style={Object {}}
    trailColor="#D9D9D9"
    trailWidth={1}
  >
    <svg
      className="rc-progress-circle"
      style={Object {}}
      viewBox="0 0 100 100"
    >
      <path
        className="rc-progress-circle-trail"
        d="M 50,50 m -47,0
   a 47,47 0 1 1 94,0
   a 47,47 0 1 1 -94,0"
        fillOpacity="0"
        stroke="#D9D9D9"
        strokeLinecap="square"
        strokeWidth={1}
        style={
          Object {
            "stroke": "#D9D9D9",
            "strokeDasharray": "225.30970943744057px 295.3097094374406px",
            "strokeDashoffset": "-35px",
            "transition": "stroke-dashoffset .3s ease 0s, stroke-dasharray .3s ease 0s, stroke .3s, stroke-width .06s ease .3s, opacity .3s ease 0s",
          }
        }
      />
      <path
        className="rc-progress-circle-path"
        d="M 50,50 m -47,0
   a 47,47 0 1 1 94,0
   a 47,47 0 1 1 -94,0"
        fillOpacity="0"
        key="0"
        opacity={1}
        stroke=""
        strokeLinecap="square"
        strokeWidth="6"
        style={
          Object {
            "stroke": "#2db7f5",
            "strokeDasharray": "67.59291283123217px 295.3097094374406px",
            "strokeDashoffset": "-35px",
            "transition": "stroke-dashoffset .3s ease 0s, stroke-dasharray .3s ease 0s, stroke .3s, stroke-width .06s ease .3s, opacity .3s ease 0s",
          }
        }
      />
    </svg>
  </Circle>,
  <Circle
    className=""
    gapDegree={70}
    gapPosition="right"
    percent={30}
    prefixCls="rc-progress"
    strokeColor="#2db7f5"
    strokeLinecap="square"
    strokeWidth="6"
    style={Object {}}
    trailColor="#D9D9D9"
    trailWidth={1}
  >
    <svg
      className="rc-progress-circle"
      style={Object {}}
      viewBox="0 0 100 100"
    >
      <path
        className="rc-progress-circle-trail"
        d="M 50,50 m 47,0
   a 47,47 0 1 1 -94,0
   a 47,47 0 1 1 94,0"
        fillOpacity="0"
        stroke="#D9D9D9"
        strokeLinecap="square"
        strokeWidth={1}
        style={
          Object {
            "stroke": "#D9D9D9",
            "strokeDasharray": "225.30970943744057px 295.3097094374406px",
            "strokeDashoffset": "-35px",
            "transition": "stroke-dashoffset .3s ease 0s, stroke-dasharray .3s ease 0s, stroke .3s, stroke-width .06s ease .3s, opacity .3s ease 0s",
          }
        }
      />
      <path
        className="rc-progress-circle-path"
        d="M 50,50 m 47,0
   a 47,47 0 1 1 -94,0
   a 47,47 0 1 1 94,0"
        fillOpacity="0"
        key="0"
        opacity={1}
        stroke=""
        strokeLinecap="square"
        strokeWidth="6"
        style={
          Object {
            "stroke": "#2db7f5",
            "strokeDasharray": "67.59291283123217px 295.3097094374406px",
            "strokeDashoffset": "-35px",
            "transition": "stroke-dashoffset .3s ease 0s, stroke-dasharray .3s ease 0s, stroke .3s, stroke-width .06s ease .3s, opacity .3s ease 0s",
          }
        }
      />
    </svg>
  </Circle>,
  <Circle
    className=""
    gapDegree={70}
    gapPosition="top"
    percent={30}
    prefixCls="rc-progress"
    strokeColor="#2db7f5"
    strokeLinecap="round"
    strokeWidth="6"
    style={Object {}}
    trailColor="#D9D9D9"
    trailWidth={1}
  >
    <svg
      className="rc-progress-circle"
      style={Object {}}
      viewBox="0 0 100 100"
    >
      <path
        className="rc-progress-circle-trail"
        d="M 50,50 m 0,-47
   a 47,47 0 1 1 0,94
   a 47,47 0 1 1 0,-94"
        fillOpacity="0"
        stroke="#D9D9D9"
        strokeLinecap="round"
        strokeWidth={1}
        style={
          Object {
            "stroke": "#D9D9D9",
            "strokeDasharray": "225.30970943744057px 295.3097094374406px",
            "strokeDashoffset": "-35px",
            "transition": "stroke-dashoffset .3s ease 0s, stroke-dasharray .3s ease 0s, stroke .3s, stroke-width .06s ease .3s, opacity .3s ease 0s",
          }
        }
      />
      <path
        className="rc-progress-circle-path"
        d="M 50,50 m 0,-47
   a 47,47 0 1 1 0,94
   a 47,47 0 1 1 0,-94"
        fillOpacity="0"
        key="0"
        opacity={1}
        stroke=""
        strokeLinecap="round"
        strokeWidth="6"
        style={
          Object {
            "stroke": "#2db7f5",
            "strokeDasharray": "67.59291283123217px 295.3097094374406px",
            "strokeDashoffset": "-35px",
            "transition": "stroke-dashoffset .3s ease 0s, stroke-dasharray .3s ease 0s, stroke .3s, stroke-width .06s ease .3s, opacity .3s ease 0s",
          }
        }
      />
    </svg>
  </Circle>,
  <Circle
    className=""
    gapDegree={70}
    gapPosition="top"
    percent={30}
    prefixCls="rc-progress"
    strokeColor="#2db7f5"
    strokeLinecap="round"
    strokeWidth="6"
    style={Object {}}
    trailColor="#D9D9D9"
    trailWidth={1}
  >
    <svg
      className="rc-progress-circle"
      style={Object {}}
      viewBox="0 0 100 100"
    >
      <path
        className="rc-progress-circle-trail"
        d="M 50,50 m 0,-47
   a 47,47 0 1 1 0,94
   a 47,47 0 1 1 0,-94"
        fillOpacity="0"
        stroke="#D9D9D9"
        strokeLinecap="round"
        strokeWidth={1}
        style={
          Object {
            "stroke": "#D9D9D9",
            "strokeDasharray": "225.30970943744057px 295.3097094374406px",
            "strokeDashoffset": "-35px",
            "transition": "stroke-dashoffset .3s ease 0s, stroke-dasharray .3s ease 0s, stroke .3s, stroke-width .06s ease .3s, opacity .3s ease 0s",
          }
        }
      />
      <path
        className="rc-progress-circle-path"
        d="M 50,50 m 0,-47
   a 47,47 0 1 1 0,94
   a 47,47 0 1 1 0,-94"
        fillOpacity="0"
        key="0"
        opacity={1}
        stroke=""
        strokeLinecap="round"
        strokeWidth="6"
        style={
          Object {
            "stroke": "#2db7f5",
            "strokeDasharray": "67.59291283123217px 295.3097094374406px",
            "strokeDashoffset": "-35px",
            "transition": "stroke-dashoffset .3s ease 0s, stroke-dasharray .3s ease 0s, stroke .3s, stroke-width .06s ease .3s, opacity .3s ease 0s",
          }
        }
      />
    </svg>
  </Circle>,
]
`;
